// Jest Snapshot v1, https://goo.gl/fbAQLP

exports[`Calculator renders correctly 1`] = `
<div
  className="calcPage"
>
  <h2>
    Let's do some math!
  </h2>
  <div
    className="calculator"
  >
    <div
      data-testid="display"
      id="screen"
    >
      0
    </div>
    <div
      className="row"
    >
      <button
        className="left-button"
        onClick={[Function]}
        type="button"
      >
        AC
      </button>
      <button
        className="left-button"
        onClick={[Function]}
        type="button"
      >
        +/-
      </button>
      <button
        className="left-button"
        onClick={[Function]}
        type="button"
      >
        %
      </button>
      <button
        className="right-button"
        onClick={[Function]}
        type="button"
      >
        รท
      </button>
    </div>
    <div
      className="row"
    >
      <button
        className="left-button"
        onClick={[Function]}
        type="button"
      >
        7
      </button>
      <button
        className="left-button"
        onClick={[Function]}
        type="button"
      >
        8
      </button>
      <button
        className="left-button"
        onClick={[Function]}
        type="button"
      >
        9
      </button>
      <button
        className="right-button"
        onClick={[Function]}
        type="button"
      >
        x
      </button>
    </div>
    <div
      className="row"
    >
      <button
        className="left-button"
        onClick={[Function]}
        type="button"
      >
        4
      </button>
      <button
        className="left-button"
        onClick={[Function]}
        type="button"
      >
        5
      </button>
      <button
        className="left-button"
        onClick={[Function]}
        type="button"
      >
        6
      </button>
      <button
        className="right-button"
        onClick={[Function]}
        type="button"
      >
        -
      </button>
    </div>
    <div
      className="row"
    >
      <button
        className="left-button"
        onClick={[Function]}
        type="button"
      >
        1
      </button>
      <button
        className="left-button"
        onClick={[Function]}
        type="button"
      >
        2
      </button>
      <button
        className="left-button"
        onClick={[Function]}
        type="button"
      >
        3
      </button>
      <button
        className="right-button"
        onClick={[Function]}
        type="button"
      >
        +
      </button>
    </div>
    <div
      className="row"
    >
      <button
        className="left-button zero"
        onClick={[Function]}
        type="button"
      >
        0
      </button>
      <button
        className="left-button dot"
        onClick={[Function]}
        type="button"
      >
        .
      </button>
      <button
        className="right-button"
        onClick={[Function]}
        type="button"
      >
        =
      </button>
    </div>
  </div>
</div>
`;

exports[`operate matches snapshot 1`] = `
<DocumentFragment>
  <div
    class="quote"
  >
    <p
      class="quote"
    />
    <p>
      Loading...
    </p>
  </div>
</DocumentFragment>
`;
